[INFO] Scanning for projects...
[INFO] 
[INFO] --------------------------< com.example:qas >---------------------------
[INFO] Building  0.0.1-SNAPSHOT
[INFO]   from pom.xml
[INFO] --------------------------------[ jar ]---------------------------------
[INFO] 
[INFO] >>> spring-boot:4.1.1:run (default-cli) > test-compile @ qas >>>
[INFO] 
[INFO] --- resources:3.5.0:resources (default-resources) @ qas ---
[INFO] Copying 3 resources from src\main\resources to target\classes
[INFO] Copying 4 resources from src\main\resources to target\classes
[INFO] 
[INFO] --- compiler:3.15.0:compile (default-compile) @ qas ---
[INFO] Nothing to compile - all classes are up to date.
[INFO] 
[INFO] --- resources:3.5.0:testResources (default-testResources) @ qas ---
[INFO] skip non existing resourceDirectory C:\Users\USER\Desktop\QAS-1\src\test\resources
[INFO] 
[INFO] --- compiler:3.15.0:testCompile (default-testCompile) @ qas ---
[INFO] Nothing to compile - all classes are up to date.
[INFO] 
[INFO] <<< spring-boot:4.1.1:run (default-cli) < test-compile @ qas <<<
[INFO] 
[INFO] 
[INFO] --- spring-boot:4.1.1:run (default-cli) @ qas ---
[INFO] Attaching agents: []

  .   ____          _            __ _ _
 /\\ / ___'_ __ _ _(_)_ __  __ _ \ \ \ \
( ( )\___ | '_ | '_| | '_ \/ _` | \ \ \ \
 \\/  ___)| |_)| | | | | || (_| |  ) ) ) )
  '  |____| .__|_| |_|_| |_\__, | / / / /
 =========|_|==============|___/=/_/_/_/

 :: Spring Boot ::                (v4.1.1)

2026-09-04T16:18:11.232Z  INFO [corr=none] 16900 --- [           main] com.example.qas.QasApplication           : Starting QasApplication using Java 26.0.2.1 with PID 16900 (C:\Users\USER\Desktop\QAS-1\target\classes started by USER in C:\Users\USER\Desktop\QAS-1)
2026-09-04T16:18:11.238Z  INFO [corr=none] 16900 --- [           main] com.example.qas.QasApplication           : The following 1 profile is active: "dev"
2026-09-04T16:18:12.958Z  INFO [corr=none] 16900 --- [           main] .s.d.r.c.RepositoryConfigurationDelegate : Bootstrapping Spring Data JPA repositories in DEFAULT mode.
2026-09-04T16:18:13.355Z  INFO [corr=none] 16900 --- [           main] .s.d.r.c.RepositoryConfigurationDelegate : Finished Spring Data repository scanning in 379 ms. Found 11 JPA repository interfaces.
2026-09-04T16:18:14.597Z  INFO [corr=none] 16900 --- [           main] o.s.boot.tomcat.TomcatWebServer          : Tomcat initialized with port 8080 (http)
2026-09-04T16:18:14.632Z  INFO [corr=none] 16900 --- [           main] o.apache.catalina.core.StandardService   : Starting service [Tomcat]
2026-09-04T16:18:14.632Z  INFO [corr=none] 16900 --- [           main] o.apache.catalina.core.StandardEngine    : Starting Servlet engine: [Apache Tomcat/11.0.24]
2026-09-04T16:18:14.793Z  INFO [corr=none] 16900 --- [           main] b.w.c.s.WebApplicationContextInitializer : Root WebApplicationContext: initialization completed in 3448 ms
2026-09-04T16:18:15.880Z  INFO [corr=none] 16900 --- [           main] com.zaxxer.hikari.HikariDataSource       : HikariPool-1 - Starting...
2026-09-04T16:18:16.325Z  INFO [corr=none] 16900 --- [           main] com.zaxxer.hikari.pool.HikariPool        : HikariPool-1 - Added connection org.postgresql.jdbc.PgConnection@4d0e1a9a
2026-09-04T16:18:16.330Z  INFO [corr=none] 16900 --- [           main] com.zaxxer.hikari.HikariDataSource       : HikariPool-1 - Start completed.
2026-09-04T16:18:16.376Z  INFO [corr=none] 16900 --- [           main] org.flywaydb.core.FlywayExecutor         : Database: jdbc:postgresql://localhost:5432/qas (PostgreSQL 17.11)
2026-09-04T16:18:16.542Z  INFO [corr=none] 16900 --- [           main] o.f.core.internal.command.DbValidate     : Successfully validated 4 migrations (execution time 00:00.068s)
2026-09-04T16:18:16.569Z  INFO [corr=none] 16900 --- [           main] o.f.core.internal.command.DbMigrate      : Current version of schema "public": 4
2026-09-04T16:18:16.576Z  INFO [corr=none] 16900 --- [           main] o.f.core.internal.command.DbMigrate      : Schema "public" is up to date. No migration necessary.
2026-09-04T16:18:16.780Z  INFO [corr=none] 16900 --- [           main] org.hibernate.orm.jpa                    : HHH008540: Processing PersistenceUnitInfo [name: default]
2026-09-04T16:18:16.908Z  INFO [corr=none] 16900 --- [           main] org.hibernate.orm.core                   : HHH000001: Hibernate ORM core version 7.4.5.Final
2026-09-04T16:18:17.731Z  INFO [corr=none] 16900 --- [           main] o.s.o.j.p.SpringPersistenceUnitInfo      : No LoadTimeWeaver setup: ignoring JPA class transformer
2026-09-04T16:18:17.930Z  INFO [corr=none] 16900 --- [           main] org.hibernate.orm.connections.pooling    : HHH10001005: Database info:
	Database JDBC URL [jdbc:postgresql://localhost:5432/qas]
	Database driver: PostgreSQL JDBC Driver
	Database dialect: PostgreSQLDialect
	Database version: 17.11
	Default catalog/schema: qas/public
	Autocommit mode: undefined/unknown
	Isolation level: READ_COMMITTED [default READ_COMMITTED]
	JDBC fetch size: none
	Pool: DataSourceConnectionProvider
	Minimum pool size: undefined/unknown
	Maximum pool size: undefined/unknown
2026-09-04T16:18:20.359Z  INFO [corr=none] 16900 --- [           main] org.hibernate.orm.core                   : HHH000489: No JTA platform available (set 'hibernate.transaction.jta.platform' to enable JTA platform integration)
2026-09-04T16:18:20.375Z  INFO [corr=none] 16900 --- [           main] j.LocalContainerEntityManagerFactoryBean : Initialized JPA EntityManagerFactory for persistence unit 'default'
2026-09-04T16:18:20.521Z  INFO [corr=none] 16900 --- [           main] o.s.d.j.r.query.QueryEnhancerFactories   : Hibernate is in classpath; If applicable, HQL parser will be used.
2026-09-04T16:18:24.732Z  INFO [corr=none] 16900 --- [           main] eAuthenticationProviderManagerConfigurer : Global AuthenticationManager configured with AuthenticationProvider bean with name authenticationProvider
2026-09-04T16:18:24.732Z  WARN [corr=none] 16900 --- [           main] r$InitializeUserDetailsManagerConfigurer : Global AuthenticationManager configured with an AuthenticationProvider bean. UserDetailsService beans will not be used by Spring Security for automatically configuring username/password login. Consider removing the AuthenticationProvider bean. Alternatively, consider using the UserDetailsService in a manually instantiated DaoAuthenticationProvider. If the current configuration is intentional, to turn off this warning, increase the logging level of 'org.springframework.security.config.annotation.authentication.configuration.InitializeUserDetailsBeanManagerConfigurer' to ERROR
2026-09-04T16:18:26.070Z  INFO [corr=none] 16900 --- [           main] o.s.boot.tomcat.TomcatWebServer          : Tomcat started on port 8080 (http) with context path '/'
2026-09-04T16:18:26.080Z  INFO [corr=none] 16900 --- [           main] com.example.qas.QasApplication           : Started QasApplication in 16.08 seconds (process running for 17.057)
2026-09-04T16:18:26.225Z  INFO [corr=none] 16900 --- [0.0-8080-exec-1] o.a.c.c.C.[Tomcat].[localhost].[/]       : Initializing Spring DispatcherServlet 'dispatcherServlet'
2026-09-04T16:18:26.226Z  INFO [corr=none] 16900 --- [0.0-8080-exec-1] o.s.web.servlet.DispatcherServlet        : Initializing Servlet 'dispatcherServlet'
2026-09-04T16:18:26.229Z  INFO [corr=none] 16900 --- [0.0-8080-exec-1] o.s.web.servlet.DispatcherServlet        : Completed initialization in 3 ms
2026-09-04T16:18:26.324Z  INFO [corr=51016cef-fd11-4fdc-89be-2287f550f223] 16900 --- [0.0-8080-exec-1] c.e.qas.security.RequestLoggingFilter    : http_request method=GET path=/api/health status=200 durationMs=63
2026-09-04T16:58:58.652Z  INFO [corr=7c11ee5a-968b-478f-b76b-f9ed8d86cf67] 16900 --- [0.0-8080-exec-3] c.e.qas.security.RequestLoggingFilter    : http_request method=GET path=/api/health status=200 durationMs=194
